// Jest Snapshot v1, https://goo.gl/fbAQLP

exports[`Test for the home page Renders correctly 1`] = `
Object {
  "asFragment": [Function],
  "baseElement": <body>
    <div>
      <h1
        class="hero-title"
      >
        CryptoCurrency Tracker (CCT)
      </h1>
      <div
        class="input-container"
      >
        <input
          placeholder="Search for a crypto..."
          type="text"
          value=""
        />
      </div>
      <h3
        class="currency-title darker-bg"
      >
        Top 30 Cryptos
      </h3>
      <div
        class="currency-container flex"
      >
        <div
          class="not-found"
        >
          <h3
            class="not-foundTitle"
          >
            CryptoCurrency not found.
          </h3>
          <img
            alt="Not Found"
            class="not-foundImg"
            src="not-found.png"
          />
        </div>
      </div>
    </div>
  </body>,
  "container": <div>
    <h1
      class="hero-title"
    >
      CryptoCurrency Tracker (CCT)
    </h1>
    <div
      class="input-container"
    >
      <input
        placeholder="Search for a crypto..."
        type="text"
        value=""
      />
    </div>
    <h3
      class="currency-title darker-bg"
    >
      Top 30 Cryptos
    </h3>
    <div
      class="currency-container flex"
    >
      <div
        class="not-found"
      >
        <h3
          class="not-foundTitle"
        >
          CryptoCurrency not found.
        </h3>
        <img
          alt="Not Found"
          class="not-foundImg"
          src="not-found.png"
        />
      </div>
    </div>
  </div>,
  "debug": [Function],
  "findAllByAltText": [Function],
  "findAllByDisplayValue": [Function],
  "findAllByLabelText": [Function],
  "findAllByPlaceholderText": [Function],
  "findAllByRole": [Function],
  "findAllByTestId": [Function],
  "findAllByText": [Function],
  "findAllByTitle": [Function],
  "findByAltText": [Function],
  "findByDisplayValue": [Function],
  "findByLabelText": [Function],
  "findByPlaceholderText": [Function],
  "findByRole": [Function],
  "findByTestId": [Function],
  "findByText": [Function],
  "findByTitle": [Function],
  "getAllByAltText": [Function],
  "getAllByDisplayValue": [Function],
  "getAllByLabelText": [Function],
  "getAllByPlaceholderText": [Function],
  "getAllByRole": [Function],
  "getAllByTestId": [Function],
  "getAllByText": [Function],
  "getAllByTitle": [Function],
  "getByAltText": [Function],
  "getByDisplayValue": [Function],
  "getByLabelText": [Function],
  "getByPlaceholderText": [Function],
  "getByRole": [Function],
  "getByTestId": [Function],
  "getByText": [Function],
  "getByTitle": [Function],
  "queryAllByAltText": [Function],
  "queryAllByDisplayValue": [Function],
  "queryAllByLabelText": [Function],
  "queryAllByPlaceholderText": [Function],
  "queryAllByRole": [Function],
  "queryAllByTestId": [Function],
  "queryAllByText": [Function],
  "queryAllByTitle": [Function],
  "queryByAltText": [Function],
  "queryByDisplayValue": [Function],
  "queryByLabelText": [Function],
  "queryByPlaceholderText": [Function],
  "queryByRole": [Function],
  "queryByTestId": [Function],
  "queryByText": [Function],
  "queryByTitle": [Function],
  "rerender": [Function],
  "unmount": [Function],
}
`;
